Buildfile: C:\MameAion\ServerFile\aion-server-7.8\AL-Commons\build.xml

clean:
   [delete] Deleting directory C:\MameAion\ServerFile\aion-server-7.8\AL-Commons\build

clean:

init:
    [mkdir] Created dir: C:\MameAion\ServerFile\aion-server-7.8\AL-Commons\build
    [mkdir] Created dir: C:\MameAion\ServerFile\aion-server-7.8\AL-Commons\build\classes

compile:
    [javac] Compiling 143 source files to C:\MameAion\ServerFile\aion-server-7.8\AL-Commons\build\classes

jar:
      [jar] Building jar: C:\MameAion\ServerFile\aion-server-7.8\AL-Commons\build\al-commons.jar

dist:
    [mkdir] Created dir: C:\MameAion\ServerFile\aion-server-7.8\AL-Commons\build\dist
    [mkdir] Created dir: C:\MameAion\ServerFile\aion-server-7.8\AL-Commons\build\dist\commons
    [mkdir] Created dir: C:\MameAion\ServerFile\aion-server-7.8\AL-Commons\build\dist\commons\libs
    [mkdir] Created dir: C:\MameAion\ServerFile\aion-server-7.8\AL-Commons\build\dist\commons\config
     [copy] Copying 1 file to C:\MameAion\ServerFile\aion-server-7.8\AL-Commons\build\dist\commons\libs
     [copy] Copying 13 files to C:\MameAion\ServerFile\aion-server-7.8\AL-Commons\build\dist\commons\libs
     [copy] Copying 1 file to C:\MameAion\ServerFile\aion-server-7.8\AL-Commons\build\dist\commons\config
      [zip] Building zip: C:\MameAion\ServerFile\aion-server-7.8\AL-Commons\build\AL-Commons.zip

BUILD SUCCESSFUL
Total time: 1 second
