Buildfile: C:\MameAion\ServerFile\aion-server-7.8\AL-Game\build.xml

clean:
   [delete] Deleting directory C:\MameAion\ServerFile\aion-server-7.8\AL-Game\build

clean:

init:
    [mkdir] Created dir: C:\MameAion\ServerFile\aion-server-7.8\AL-Game\build
    [mkdir] Created dir: C:\MameAion\ServerFile\aion-server-7.8\AL-Game\build\classes

compile:
    [javac] Compiling 2812 source files to C:\MameAion\ServerFile\aion-server-7.8\AL-Game\build\classes
    [javac] ノート: C:\MameAion\ServerFile\aion-server-7.8\AL-Game\src\com\aionemu\gameserver\model\templates\minion\MinionActions.javaの操作は、未チェックまたは安全ではありません。
    [javac] ノート: 詳細は、-Xlint:uncheckedオプションを指定して再コンパイルしてください。

jar:
      [jar] Building jar: C:\MameAion\ServerFile\aion-server-7.8\AL-Game\build\AL-Game.jar

dist:
    [mkdir] Created dir: C:\MameAion\ServerFile\aion-server-7.8\AL-Game\build\dist
    [mkdir] Created dir: C:\MameAion\ServerFile\aion-server-7.8\AL-Game\build\dist\AL-Game
    [mkdir] Created dir: C:\MameAion\ServerFile\aion-server-7.8\AL-Game\build\dist\AL-Game\config
    [mkdir] Created dir: C:\MameAion\ServerFile\aion-server-7.8\AL-Game\build\dist\AL-Game\data
    [mkdir] Created dir: C:\MameAion\ServerFile\aion-server-7.8\AL-Game\build\dist\AL-Game\libs
    [mkdir] Created dir: C:\MameAion\ServerFile\aion-server-7.8\AL-Game\build\dist\AL-Game\sql
     [copy] Copying 1 file to C:\MameAion\ServerFile\aion-server-7.8\AL-Game\build\dist\AL-Game\libs
     [copy] Copying 22 files to C:\MameAion\ServerFile\aion-server-7.8\AL-Game\build\dist\AL-Game\libs
     [copy] Copying 8 files to C:\MameAion\ServerFile\aion-server-7.8\AL-Game\build\dist\AL-Game
     [copy] Copying 56 files to C:\MameAion\ServerFile\aion-server-7.8\AL-Game\build\dist\AL-Game\config
     [copy] Copying 1587 files to C:\MameAion\ServerFile\aion-server-7.8\AL-Game\build\dist\AL-Game\data
     [copy] Copying 21 files to C:\MameAion\ServerFile\aion-server-7.8\AL-Game\build\dist\AL-Game\sql
      [zip] Building zip: C:\MameAion\ServerFile\aion-server-7.8\AL-Game\build\AL-Game.zip

BUILD SUCCESSFUL
Total time: 16 seconds
